[maniac.yakuzi.eu/index.html]
[backblue.gif]
[fade.gif]
[index.html]
[maniac.yakuzi.eu/assets/plugins/bootstrap/css/bootstrap.min.css]
[maniac.yakuzi.eu/assets/plugins/ionicons/css/ionicons.min.css]
[maniac.yakuzi.eu/assets/plugins/font-awesome/css/font-awesome.min.css]
[maniac.yakuzi.eu/assets/plugins/animate/animate.css]
[maniac.yakuzi.eu/assets/plugins/bootstrap-slider/css/slider.css]
[maniac.yakuzi.eu/assets/plugins/rickshaw/rickshaw.min.css]
[maniac.yakuzi.eu/assets/plugins/jquery-jvectormap/jquery-jvectormap-1.2.2.css]
[maniac.yakuzi.eu/assets/plugins/bootstrap-daterangepicker/daterangepicker-bs3.css]
[maniac.yakuzi.eu/assets/css/material.css]
[maniac.yakuzi.eu/assets/css/style.css]
[maniac.yakuzi.eu/assets/css/plugins.css]
[maniac.yakuzi.eu/assets/css/helpers.css]
[maniac.yakuzi.eu/assets/css/responsive.css]
[maniac.yakuzi.eu/index-2.html]
[maniac.yakuzi.eu/assets/img/avatar.jpg]
[maniac.yakuzi.eu/assets/img/avatar_3.jpg]
[maniac.yakuzi.eu/assets/img/avatar_2.jpg]
[maniac.yakuzi.eu/assets/img/avatar_4.jpg]
[maniac.yakuzi.eu/login.html]
[maniac.yakuzi.eu/inbox.html]
[maniac.yakuzi.eu/panels.html]
[maniac.yakuzi.eu/tiles.html]
[maniac.yakuzi.eu/typography.html]
[maniac.yakuzi.eu/material.html]
[maniac.yakuzi.eu/icons.html]
[maniac.yakuzi.eu/buttons.html]
[maniac.yakuzi.eu/sliders.html]
[maniac.yakuzi.eu/form-elements.html]
[maniac.yakuzi.eu/form-validation.html]
[maniac.yakuzi.eu/form-layouts.html]
[maniac.yakuzi.eu/form-advanced.html]
[maniac.yakuzi.eu/file-upload.html]
[maniac.yakuzi.eu/text-editor.html]
[maniac.yakuzi.eu/basic-tables.html]
[maniac.yakuzi.eu/data-tables.html]
[maniac.yakuzi.eu/flot.html]
[maniac.yakuzi.eu/morris.html]
[maniac.yakuzi.eu/fixed-header.html]
[maniac.yakuzi.eu/fixed-sidebar.html]
[maniac.yakuzi.eu/fixed-layout.html]
[maniac.yakuzi.eu/collapsed-sidebar.html]
[maniac.yakuzi.eu/calendar.html]
[maniac.yakuzi.eu/vectormap.html]
[maniac.yakuzi.eu/googlemap.html]
[maniac.yakuzi.eu/invoice.html]
[maniac.yakuzi.eu/register.html]
[maniac.yakuzi.eu/lockscreen.html]
[maniac.yakuzi.eu/timeline.html]
[maniac.yakuzi.eu/404.html]
[maniac.yakuzi.eu/500.html]
[maniac.yakuzi.eu/blank.html]
[maniac.yakuzi.eu/assets/plugins/bootstrap/js/bootstrap.min.js]
[maniac.yakuzi.eu/assets/plugins/bootstrap/js/holder.js]
[maniac.yakuzi.eu/assets/plugins/pace/pace.min.js]
[maniac.yakuzi.eu/assets/plugins/slimScroll/jquery.slimscroll.min.js]
[maniac.yakuzi.eu/assets/js/core.js]
[maniac.yakuzi.eu/assets/plugins/flot/jquery.flot.grow.js]
[maniac.yakuzi.eu/assets/plugins/flot/jquery.flot.resize.min.js]
[maniac.yakuzi.eu/assets/plugins/jquery-1.11.1.min.js]
[maniac.yakuzi.eu/assets/plugins/flot/jquery.flot.min.js]
[maniac.yakuzi.eu/assets/plugins/bootstrap-slider/js/bootstrap-slider.js]
[maniac.yakuzi.eu/assets/plugins/sparkline/jquery.sparkline.min.js]
[maniac.yakuzi.eu/assets/plugins/bootstrap-daterangepicker/daterangepicker.js]
[maniac.yakuzi.eu/assets/plugins/bootstrap-daterangepicker/moment.min.js]
[maniac.yakuzi.eu/assets/plugins/jquery-jvectormap/jquery-jvectormap-1.2.2.min.js]
[maniac.yakuzi.eu/assets/plugins/jquery-countTo/jquery.countTo.js]
[maniac.yakuzi.eu/index.html]
[maniac.yakuzi.eu/assets/js/maniac.js]
[maniac.yakuzi.eu/assets/plugins/bootstrap/fonts/glyphicons-halflings-regular.eot]
[maniac.yakuzi.eu/assets/plugins/rickshaw/rickshaw.min.js]
[maniac.yakuzi.eu/assets/plugins/bootstrap/fonts/glyphicons-halflings-regulard41d.eot]
[maniac.yakuzi.eu/assets/plugins/bootstrap/fonts/glyphicons-halflings-regular.woff]
[maniac.yakuzi.eu/assets/plugins/jquery-jvectormap/jquery-jvectormap-europe-merc-en.js]
[maniac.yakuzi.eu/assets/plugins/bootstrap/fonts/glyphicons-halflings-regular.ttf]
[maniac.yakuzi.eu/assets/plugins/rickshaw/vendor/d3.v3.js]
[maniac.yakuzi.eu/assets/plugins/bootstrap/css/bootstrap.min.css]
[maniac.yakuzi.eu/assets/plugins/ionicons/fonts/ionicons28b5.eot]
[maniac.yakuzi.eu/assets/plugins/ionicons/fonts/ionicons28b5.ttf]
[maniac.yakuzi.eu/assets/plugins/ionicons/fonts/ionicons28b5.woff]
[maniac.yakuzi.eu/assets/plugins/ionicons/css/ionicons.min.css]
[maniac.yakuzi.eu/assets/plugins/font-awesome/fonts/fontawesome-webfonte0a5.eot]
[maniac.yakuzi.eu/assets/plugins/font-awesome/fonts/fontawesome-webfontd41d.eot]
[maniac.yakuzi.eu/assets/plugins/font-awesome/fonts/fontawesome-webfonte0a5.woff]
[maniac.yakuzi.eu/assets/plugins/font-awesome/fonts/fontawesome-webfonte0a5.ttf]
[maniac.yakuzi.eu/assets/plugins/font-awesome/css/font-awesome.min.css]
[maniac.yakuzi.eu/assets/plugins/animate/animate.css]
[maniac.yakuzi.eu/assets/plugins/bootstrap-slider/css/slider.css]
[maniac.yakuzi.eu/assets/plugins/rickshaw/rickshaw.min.css]
[maniac.yakuzi.eu/assets/plugins/jquery-jvectormap/jquery-jvectormap-1.2.2.css]
[maniac.yakuzi.eu/assets/plugins/bootstrap-daterangepicker/daterangepicker-bs3.css]
[maniac.yakuzi.eu/assets/css/material.css]
[maniac.yakuzi.eu/assets/css/style.css]
[maniac.yakuzi.eu/assets/css/plugins.css]
[maniac.yakuzi.eu/assets/css/helpers.css]
[maniac.yakuzi.eu/assets/css/responsive.css]
[maniac.yakuzi.eu/index-2.html]
[maniac.yakuzi.eu/assets/plugins/bootstrapValidator/bootstrapValidator.min.css]
[maniac.yakuzi.eu/assets/plugins/switchery/switchery.min.css]
[maniac.yakuzi.eu/assets/plugins/bootstrapValidator/bootstrapValidator.min.js]
[maniac.yakuzi.eu/login.html]
[maniac.yakuzi.eu/inbox.html]
[maniac.yakuzi.eu/panels.html]
[maniac.yakuzi.eu/tiles.html]
[maniac.yakuzi.eu/typography.html]
[maniac.yakuzi.eu/assets/plugins/switchery/switchery.min.js]
[maniac.yakuzi.eu/assets/css/color-palettes.css]
[maniac.yakuzi.eu/material.html]
[maniac.yakuzi.eu/icons.html]
[maniac.yakuzi.eu/buttons.html]
[maniac.yakuzi.eu/assets/plugins/ion-rangeSlider/css/ion.rangeSlider.css]
[maniac.yakuzi.eu/assets/plugins/ion-rangeSlider/css/ion.rangeSlider.skinFlat.css]
[maniac.yakuzi.eu/sliders.html]
[maniac.yakuzi.eu/form-elements.html]
[maniac.yakuzi.eu/form-validation.html]
[maniac.yakuzi.eu/form-layouts.html]
[maniac.yakuzi.eu/assets/plugins/ion-rangeSlider/js/ion-rangeSlider/ion.rangeSlider.min.js]
[maniac.yakuzi.eu/assets/plugins/jquery-knob/jquery.knob.min.js]
[maniac.yakuzi.eu/assets/plugins/bootstrap-colorpicker/css/bootstrap-colorpicker.min.css]
[maniac.yakuzi.eu/assets/plugins/datepicker/css/datepicker.css]
[maniac.yakuzi.eu/assets/plugins/bootstrap-select/css/bootstrap-select.min.css]
[maniac.yakuzi.eu/assets/plugins/iCheck/skins/all.css]
[maniac.yakuzi.eu/assets/plugins/input-mask/jquery.inputmask.js]
[maniac.yakuzi.eu/assets/plugins/input-mask/jquery.inputmask.date.extensions.js]
[maniac.yakuzi.eu/assets/plugins/input-mask/jquery.inputmask.numeric.extensions.js]
[maniac.yakuzi.eu/assets/plugins/datepicker/js/bootstrap-datepicker.js]
[maniac.yakuzi.eu/assets/plugins/bootstrap-colorpicker/js/bootstrap-colorpicker.min.js]
[maniac.yakuzi.eu/assets/plugins/bootstrap-select/js/bootstrap-select.min.js]
[maniac.yakuzi.eu/assets/plugins/iCheck/icheck.min.js]
[maniac.yakuzi.eu/form-advanced.html]
[maniac.yakuzi.eu/assets/plugins/dropzone/dropzone.css]
[maniac.yakuzi.eu/assets/plugins/dropzone/dropzone.min.js]
[maniac.yakuzi.eu/file-upload.html]
[maniac.yakuzi.eu/assets/plugins/bootstrap-wysihtml5/bootstrap3-wysihtml5.min.css]
[maniac.yakuzi.eu/text-editor.html]
[maniac.yakuzi.eu/basic-tables.html]
[maniac.yakuzi.eu/assets/plugins/datatables/dataTables.bootstrap.css]
[maniac.yakuzi.eu/assets/plugins/bootstrap-wysihtml5/bootstrap3-wysihtml5.all.min.js]
[maniac.yakuzi.eu/assets/plugins/datatables/dataTables.bootstrap.js]
[maniac.yakuzi.eu/data-tables.html]
[maniac.yakuzi.eu/assets/plugins/flot/jquery.flot.resize.js]
[maniac.yakuzi.eu/flot.html]
[maniac.yakuzi.eu/assets/plugins/flot/jquery.flot.pie.js]
[maniac.yakuzi.eu/assets/plugins/morris/morris.css]
[maniac.yakuzi.eu/assets/plugins/flot/jquery.flot.js]
[maniac.yakuzi.eu/assets/plugins/morris/morris.min.js]
[maniac.yakuzi.eu/morris.html]
[maniac.yakuzi.eu/fixed-header.html]
[maniac.yakuzi.eu/fixed-sidebar.html]
[maniac.yakuzi.eu/fixed-layout.html]
[maniac.yakuzi.eu/collapsed-sidebar.html]
[maniac.yakuzi.eu/assets/plugins/fullcalendar/fullcalendar.css]
[maniac.yakuzi.eu/assets/plugins/morris/raphael-2.1.0.min.js]
[maniac.yakuzi.eu/assets/plugins/fullcalendar/fullcalendar.min.js]
[maniac.yakuzi.eu/calendar.html]
[maniac.yakuzi.eu/assets/plugins/datatables/jquery.dataTables.js]
[maniac.yakuzi.eu/vectormap.html]
[maniac.yakuzi.eu/assets/plugins/gmaps/prettify.js]
[maniac.yakuzi.eu/assets/plugins/jquery-ui/jquery-ui-1.10.4.min.js]
[maniac.yakuzi.eu/googlemap.html]
[maniac.yakuzi.eu/invoice.html]
[maniac.yakuzi.eu/register.html]
[maniac.yakuzi.eu/lockscreen.html]
[maniac.yakuzi.eu/timeline.html]
[maniac.yakuzi.eu/404.html]
[maniac.yakuzi.eu/500.html]
[maniac.yakuzi.eu/blank.html]
[maniac.yakuzi.eu/assets/plugins/bootstrap/fonts/glyphicons-halflings-regular.html]
[maniac.yakuzi.eu/assets/plugins/bootstrap/fonts/glyphicons-halflings-regular.svg]
[maniac.yakuzi.eu/assets/plugins/ionicons/fonts/ionicons28b5.svg]
[maniac.yakuzi.eu/assets/plugins/font-awesome/fonts/fontawesome-webfonte0a5.html]
[maniac.yakuzi.eu/assets/plugins/font-awesome/fonts/fontawesome-webfonte0a5.svg]
[maniac.yakuzi.eu/assets/plugins/bootstrapValidator/bootstrapValidator.min.css]
[maniac.yakuzi.eu/assets/plugins/switchery/switchery.min.css]
[maniac.yakuzi.eu/assets/css/color-palettes.css]
[maniac.yakuzi.eu/assets/plugins/ion-rangeSlider/css/ion.rangeSlider.css]
[maniac.yakuzi.eu/assets/plugins/jquery-jvectormap/jquery-jvectormap-world-mill-en.js]
[maniac.yakuzi.eu/assets/plugins/ion-rangeSlider/img/sprite-skin-flat.png]
[maniac.yakuzi.eu/assets/plugins/ion-rangeSlider/css/ion.rangeSlider.skinFlat.css]
[maniac.yakuzi.eu/assets/plugins/gmaps/gmaps.js]
[maniac.yakuzi.eu/assets/plugins/bootstrap-colorpicker/img/bootstrap-colorpicker/saturation.png]
[maniac.yakuzi.eu/assets/plugins/bootstrap-colorpicker/img/bootstrap-colorpicker/hue.png]
[maniac.yakuzi.eu/assets/plugins/bootstrap-colorpicker/img/bootstrap-colorpicker/alpha.png]
[maniac.yakuzi.eu/assets/plugins/bootstrap-colorpicker/img/bootstrap-colorpicker/hue-horizontal.png]
[maniac.yakuzi.eu/assets/plugins/bootstrap-colorpicker/img/bootstrap-colorpicker/alpha-horizontal.png]
[maniac.yakuzi.eu/assets/plugins/bootstrap-colorpicker/css/bootstrap-colorpicker.min.css]
[maniac.yakuzi.eu/assets/plugins/datepicker/css/datepicker.css]
[maniac.yakuzi.eu/assets/plugins/bootstrap-select/css/bootstrap-select.min.css]
[maniac.yakuzi.eu/assets/plugins/iCheck/skins/minimal/_all.css]
[maniac.yakuzi.eu/assets/plugins/iCheck/skins/square/_all.css]
[maniac.yakuzi.eu/assets/plugins/ckeditor/ckeditor.js]
[maniac.yakuzi.eu/assets/plugins/iCheck/skins/flat/_all.css]
[maniac.yakuzi.eu/assets/plugins/iCheck/skins/line/_all.css]
[maniac.yakuzi.eu/assets/plugins/iCheck/skins/polaris/polaris.css]
[maniac.yakuzi.eu/assets/plugins/iCheck/skins/futurico/futurico.css]
[maniac.yakuzi.eu/assets/plugins/iCheck/skins/all.css]
[maniac.yakuzi.eu/assets/plugins/dropzone/images/spritemap.png]
[maniac.yakuzi.eu/assets/plugins/dropzone/images/spritemap@2x.png]
[maniac.yakuzi.eu/assets/plugins/dropzone/dropzone.css]
[maniac.yakuzi.eu/assets/plugins/bootstrap-wysihtml5/bootstrap3-wysihtml5.min.css]
[maniac.yakuzi.eu/assets/plugins/datatables/images/sort_both.png]
[maniac.yakuzi.eu/assets/plugins/datatables/images/sort_asc.png]
[maniac.yakuzi.eu/assets/plugins/datatables/images/sort_desc.png]
[maniac.yakuzi.eu/assets/plugins/datatables/images/sort_asc_disabled.png]
[maniac.yakuzi.eu/assets/plugins/datatables/images/sort_desc_disabled.png]
[maniac.yakuzi.eu/assets/plugins/datatables/dataTables.bootstrap.css]
[maniac.yakuzi.eu/assets/plugins/morris/morris.css]
[maniac.yakuzi.eu/assets/plugins/fullcalendar/fullcalendar.css]
[maniac.yakuzi.eu/assets/plugins/iCheck/skins/minimal/minimal.png]
[maniac.yakuzi.eu/assets/plugins/iCheck/skins/minimal/minimal@2x.png]
[maniac.yakuzi.eu/assets/plugins/iCheck/skins/minimal/red.png]
[maniac.yakuzi.eu/assets/plugins/iCheck/skins/minimal/red@2x.png]
[maniac.yakuzi.eu/assets/plugins/iCheck/skins/minimal/green.png]
[maniac.yakuzi.eu/assets/plugins/iCheck/skins/minimal/green@2x.png]
[maniac.yakuzi.eu/assets/plugins/iCheck/skins/minimal/blue.png]
[maniac.yakuzi.eu/assets/plugins/iCheck/skins/minimal/blue@2x.png]
[maniac.yakuzi.eu/assets/plugins/iCheck/skins/minimal/aero.png]
[maniac.yakuzi.eu/assets/plugins/iCheck/skins/minimal/aero@2x.png]
[maniac.yakuzi.eu/assets/plugins/iCheck/skins/minimal/grey.png]
[maniac.yakuzi.eu/assets/plugins/iCheck/skins/minimal/grey@2x.png]
[maniac.yakuzi.eu/assets/plugins/iCheck/skins/minimal/orange.png]
[maniac.yakuzi.eu/assets/plugins/iCheck/skins/minimal/orange@2x.png]
[maniac.yakuzi.eu/assets/plugins/iCheck/skins/minimal/yellow.png]
[maniac.yakuzi.eu/assets/plugins/iCheck/skins/minimal/yellow@2x.png]
[maniac.yakuzi.eu/assets/plugins/iCheck/skins/minimal/pink.png]
[maniac.yakuzi.eu/assets/plugins/iCheck/skins/minimal/pink@2x.png]
[maniac.yakuzi.eu/assets/plugins/iCheck/skins/minimal/purple.png]
[maniac.yakuzi.eu/assets/plugins/iCheck/skins/minimal/purple@2x.png]
[maniac.yakuzi.eu/assets/plugins/iCheck/skins/minimal/_all.css]
[maniac.yakuzi.eu/assets/plugins/iCheck/skins/square/square.png]
[maniac.yakuzi.eu/assets/plugins/iCheck/skins/square/square@2x.png]
[maniac.yakuzi.eu/assets/plugins/iCheck/skins/square/red.png]
[maniac.yakuzi.eu/assets/plugins/iCheck/skins/square/red@2x.png]
[maniac.yakuzi.eu/assets/plugins/iCheck/skins/square/green.png]
[maniac.yakuzi.eu/assets/plugins/iCheck/skins/square/green@2x.png]
[maniac.yakuzi.eu/assets/plugins/iCheck/skins/square/blue.png]
[maniac.yakuzi.eu/assets/plugins/iCheck/skins/square/blue@2x.png]
[maniac.yakuzi.eu/assets/plugins/iCheck/skins/square/aero.png]
[maniac.yakuzi.eu/assets/plugins/iCheck/skins/square/aero@2x.png]
[maniac.yakuzi.eu/assets/plugins/iCheck/skins/square/grey.png]
[maniac.yakuzi.eu/assets/plugins/iCheck/skins/square/grey@2x.png]
[maniac.yakuzi.eu/assets/plugins/iCheck/skins/square/orange.png]
[maniac.yakuzi.eu/assets/plugins/iCheck/skins/square/orange@2x.png]
[maniac.yakuzi.eu/assets/plugins/iCheck/skins/square/yellow.png]
[maniac.yakuzi.eu/assets/plugins/iCheck/skins/square/yellow@2x.png]
[maniac.yakuzi.eu/assets/plugins/iCheck/skins/square/pink.png]
[maniac.yakuzi.eu/assets/plugins/iCheck/skins/square/pink@2x.png]
[maniac.yakuzi.eu/assets/plugins/iCheck/skins/square/purple.png]
[maniac.yakuzi.eu/assets/plugins/iCheck/skins/square/purple@2x.png]
[maniac.yakuzi.eu/assets/plugins/iCheck/skins/square/_all.css]
[maniac.yakuzi.eu/assets/plugins/iCheck/skins/flat/flat.png]
[maniac.yakuzi.eu/assets/plugins/iCheck/skins/flat/flat@2x.png]
[maniac.yakuzi.eu/assets/plugins/iCheck/skins/flat/red.png]
[maniac.yakuzi.eu/assets/plugins/iCheck/skins/flat/red@2x.png]
[maniac.yakuzi.eu/assets/plugins/iCheck/skins/flat/green.png]
[maniac.yakuzi.eu/assets/plugins/iCheck/skins/flat/green@2x.png]
[maniac.yakuzi.eu/assets/plugins/iCheck/skins/flat/blue.png]
[maniac.yakuzi.eu/assets/plugins/iCheck/skins/flat/blue@2x.png]
[maniac.yakuzi.eu/assets/plugins/iCheck/skins/flat/aero.png]
[maniac.yakuzi.eu/assets/plugins/iCheck/skins/flat/aero@2x.png]
[maniac.yakuzi.eu/assets/plugins/iCheck/skins/flat/grey.png]
[maniac.yakuzi.eu/assets/plugins/iCheck/skins/flat/grey@2x.png]
[maniac.yakuzi.eu/assets/plugins/iCheck/skins/flat/orange.png]
[maniac.yakuzi.eu/assets/plugins/iCheck/skins/flat/orange@2x.png]
[maniac.yakuzi.eu/assets/plugins/iCheck/skins/flat/yellow.png]
[maniac.yakuzi.eu/assets/plugins/iCheck/skins/flat/yellow@2x.png]
[maniac.yakuzi.eu/assets/plugins/iCheck/skins/flat/pink.png]
[maniac.yakuzi.eu/assets/plugins/iCheck/skins/flat/pink@2x.png]
[maniac.yakuzi.eu/assets/plugins/iCheck/skins/flat/purple.png]
[maniac.yakuzi.eu/assets/plugins/iCheck/skins/flat/purple@2x.png]
[maniac.yakuzi.eu/assets/plugins/iCheck/skins/flat/_all.css]
[maniac.yakuzi.eu/assets/plugins/iCheck/skins/line/line.png]
[maniac.yakuzi.eu/assets/plugins/iCheck/skins/line/line@2x.png]
[maniac.yakuzi.eu/assets/plugins/iCheck/skins/line/_all.css]
[maniac.yakuzi.eu/assets/plugins/iCheck/skins/polaris/polaris.png]
[maniac.yakuzi.eu/assets/plugins/iCheck/skins/polaris/polaris@2x.png]
[maniac.yakuzi.eu/assets/plugins/iCheck/skins/polaris/polaris.css]
[maniac.yakuzi.eu/assets/plugins/iCheck/skins/futurico/futurico.png]
[maniac.yakuzi.eu/assets/plugins/iCheck/skins/futurico/futurico@2x.png]
[maniac.yakuzi.eu/assets/plugins/iCheck/skins/futurico/futurico.css]
